RAM Allocation [bytes]
Variable                                                                          Address   Size
------------------------------------------------------------------------------------------------

EEPROM Allocation [bytes]
Variable                                                                          Address   Size
------------------------------------------------------------------------------------------------

Register Allocation
Variable                                                                          Register  Size
------------------------------------------------------------------------------------------------

FLASH Allocation [words]
Function                                                                          Address   Size
------------------------------------------------------------------------------------------------
pin_change_isr2                                                                   0x00051     43
main                                                                              0x0007C     38
